// Jest Snapshot v1, https://goo.gl/fbAQLP

exports[`Migrate should fail on non-existent files 1`] = `[Error: ENOENT: no such file or directory, stat '/Users/amila/Documents/Projects/alfred/test/fixtures/foo-test.ts']`;

exports[`Migrate should migrate basic file 1`] = `
Array [
  "import fs from 'fs';
import path from 'path';


const foo = 'asdfa';
console.log(foo);
",
]
`;

exports[`Migrate should migrate basic file with EslintProvider 1`] = `
Array [
  "const some = 'foo';
const bar = 'baz';
",
]
`;

exports[`Migrate should perform unsafe transformations 1`] = `
Array [
  "class MyClass {
  method() {}
}
",
  "import foo from 'bar';
import cow from 'boo';
",
]
`;

exports[`Migrate should perform unsafe transformations 2`] = `
Array [
  "class MyClass {
  method() {}
}
",
  "import foo from 'bar';
import cow from 'boo';
",
]
`;
