// Jest Snapshot v1, https://goo.gl/fbAQLP

exports[`Migrate should migrate basic file 1`] = `
Array [
  "import fs from 'fs';
import path from 'path';


const foo = 'asdfa';
console.log(foo);
",
]
`;

exports[`Migrate should migrate basic file with EslintProvider 1`] = `
Array [
  "const some = 'foo';
const bar = 'baz';
",
]
`;

exports[`Migrate should perform unsafe transformations 1`] = `
Array [
  "import foo from 'bar';
import cow from 'boo';
",
]
`;
